\BOOKMARK [0][-]{chapter.1}{\376\377\000R\000o\000u\000t\000e\000\040\000c\000o\000n\000t\000r\000a\000c\000t\000\040\000a\000n\000d\000\040\000h\000y\000p\000o\000t\000h\000e\000s\000i\000s\000\040\000l\000e\000d\000g\000e\000r}{}% 1
\BOOKMARK [1][-]{section.1.1}{\376\377\000F\000i\000x\000e\000d\000\040\000o\000b\000j\000e\000c\000t\000s\000\040\000a\000n\000d\000\040\000f\000u\000n\000c\000t\000o\000r\000s}{chapter.1}% 2
\BOOKMARK [1][-]{section.1.2}{\376\377\000T\000h\000e\000\040\000o\000n\000e\000\040\000p\000e\000r\000m\000i\000t\000t\000e\000d\000\040\000r\000o\000u\000t\000e}{chapter.1}% 3
\BOOKMARK [1][-]{section.1.3}{\376\377\000H\000y\000p\000o\000t\000h\000e\000s\000i\000s\000\040\000l\000e\000d\000g\000e\000r}{chapter.1}% 4
\BOOKMARK [0][-]{chapter.2}{\376\377\000D\000e\000g\000r\000e\000e\000-\000g\000\040\000d\000i\000v\000i\000s\000o\000r\000s\000\040\000a\000n\000d\000\040\000t\000h\000e\000\040\000r\000a\000n\000k\000-\000o\000n\000e\000\040\000A\000b\000e\000l\000\040\000i\000s\000o\000m\000o\000r\000p\000h\000i\000s\000m}{}% 5
\BOOKMARK [1][-]{section.2.1}{\376\377\000T\000h\000e\000\040\000r\000e\000p\000r\000e\000s\000e\000n\000t\000e\000d\000\040\000d\000i\000v\000i\000s\000o\000r\000\040\000p\000a\000c\000k\000a\000g\000e}{chapter.2}% 6
\BOOKMARK [1][-]{section.2.2}{\376\377\000T\000h\000e\000\040\000i\000n\000t\000r\000i\000n\000s\000i\000c\000\040\000r\000a\000n\000k\000-\000o\000n\000e\000\040\000o\000p\000e\000n}{chapter.2}% 7
\BOOKMARK [0][-]{chapter.3}{\376\377\000T\000h\000e\000\040\000s\000e\000p\000a\000r\000a\000b\000l\000y\000\040\000c\000l\000o\000s\000e\000d\000\040\000r\000a\000n\000k\000-\000o\000n\000e\000\040\000c\000o\000v\000e\000r}{}% 8
\BOOKMARK [1][-]{section.3.1}{\376\377\000T\000r\000a\000n\000s\000l\000a\000t\000e\000d\000\040\000c\000h\000a\000r\000t\000s}{chapter.3}% 9
\BOOKMARK [1][-]{section.3.2}{\376\377\000T\000h\000e\000\040\000e\000x\000a\000c\000t\000\040\000s\000e\000p\000a\000r\000a\000b\000l\000y\000\040\000c\000l\000o\000s\000e\000d\000\040\000r\000e\000p\000r\000e\000s\000e\000n\000t\000e\000r}{chapter.3}% 10
\BOOKMARK [0][-]{chapter.4}{\376\377\000F\000i\000n\000i\000t\000e\000-\000s\000t\000a\000g\000e\000\040\000c\000a\000r\000r\000i\000e\000r\000\040\000a\000n\000d\000\040\000b\000a\000s\000e\000-\000c\000h\000a\000n\000g\000e\000\040\000c\000o\000m\000p\000a\000r\000i\000s\000o\000n}{}% 11
\BOOKMARK [1][-]{section.4.1}{\376\377\000A\000\040\000f\000i\000n\000i\000t\000e\000\040\000a\000f\000f\000i\000n\000e\000\040\000a\000t\000l\000a\000s}{chapter.4}% 12
\BOOKMARK [1][-]{section.4.2}{\376\377\000N\000e\000s\000t\000e\000d\000\040\000p\000u\000l\000l\000b\000a\000c\000k\000s\000\040\000a\000n\000d\000\040\000o\000v\000e\000r\000l\000a\000p\000\040\000c\000o\000m\000p\000a\000r\000i\000s\000o\000n}{chapter.4}% 13
\BOOKMARK [0][-]{chapter.5}{\376\377\000U\000n\000i\000v\000e\000r\000s\000a\000l\000\040\000c\000l\000a\000s\000s\000\040\000a\000n\000d\000\040\000t\000h\000e\000\040\000f\000i\000n\000i\000t\000e\000-\000s\000t\000a\000g\000e\000\040\000r\000e\000p\000r\000e\000s\000e\000n\000t\000a\000b\000i\000l\000i\000t\000y\000\040\000g\000a\000p}{}% 14
\BOOKMARK [1][-]{section.5.1}{\376\377\000W\000h\000a\000t\000\040\000i\000s\000\040\000p\000i\000n\000n\000e\000d\000\040\000o\000v\000e\000r\000\040\000t\000h\000e\000\040\000s\000e\000p\000a\000r\000a\000b\000l\000y\000\040\000c\000l\000o\000s\000e\000d\000\040\000f\000i\000e\000l\000d}{chapter.5}% 15
\BOOKMARK [1][-]{section.5.2}{\376\377\000T\000h\000e\000\040\000f\000i\000r\000s\000t\000\040\000u\000n\000m\000e\000t\000\040\000p\000r\000o\000d\000u\000c\000e\000r}{chapter.5}% 16
\BOOKMARK [0][-]{chapter.6}{\376\377\000F\000i\000n\000i\000t\000e\000-\000G\000a\000l\000o\000i\000s\000\040\000d\000e\000s\000c\000e\000n\000t\000\040\000t\000o\000\040\000t\000h\000e\000\040\000o\000r\000i\000g\000i\000n\000a\000l\000\040\000f\000i\000e\000l\000d}{}% 17
\BOOKMARK [1][-]{section.6.1}{\376\377\000T\000h\000e\000\040\000o\000n\000e\000\040\000s\000e\000l\000e\000c\000t\000e\000d\000\040\000e\000x\000a\000c\000t\000-\000c\000a\000r\000r\000i\000e\000r\000\040\000g\000e\000o\000m\000e\000t\000r\000y\000\040\000r\000o\000u\000t\000e}{chapter.6}% 18
\BOOKMARK [1][-]{section.6.2}{\376\377\000T\000h\000e\000\040\000c\000o\000n\000d\000i\000t\000i\000o\000n\000a\000l\000\040\000d\000e\000s\000c\000e\000n\000t\000\040\000t\000h\000e\000o\000r\000e\000m}{chapter.6}% 19
\BOOKMARK [0][-]{chapter.7}{\376\377\000S\000a\000m\000e\000-\000c\000a\000r\000r\000i\000e\000r\000\040\000d\000a\000t\000a\000\040\000a\000n\000d\000\040\000P\000h\000a\000s\000e\000\040\0008\000\040\000c\000o\000n\000s\000u\000m\000e\000r\000s}{}% 20
\BOOKMARK [1][-]{section.7.1}{\376\377\000T\000h\000e\000\040\000p\000u\000b\000l\000i\000c\000\040\000d\000a\000t\000a\000\040\000b\000o\000u\000n\000d\000a\000r\000y}{chapter.7}% 21
\BOOKMARK [1][-]{section.7.2}{\376\377\000C\000h\000e\000c\000k\000e\000d\000\040\000c\000o\000n\000s\000u\000m\000e\000r\000s\000\040\000o\000f\000\040\000a\000n\000\040\000a\000r\000b\000i\000t\000r\000a\000r\000y\000\040\000d\000a\000t\000u\000m}{chapter.7}% 22
\BOOKMARK [1][-]{section.7.3}{\376\377\000T\000h\000e\000\040\000b\000l\000o\000c\000k\000e\000d\000\040\000P\000h\000a\000s\000e\000\040\0008\000\040\000a\000s\000s\000e\000m\000b\000l\000y}{chapter.7}% 23
\BOOKMARK [0][-]{appendix.A}{\376\377\000R\000e\000f\000e\000r\000e\000n\000c\000e\000\040\000m\000a\000p\000,\000\040\000L\000e\000a\000n\000\040\000h\000a\000n\000d\000o\000f\000f\000s\000,\000\040\000a\000n\000d\000\040\000q\000u\000a\000r\000a\000n\000t\000i\000n\000e\000d\000\040\000r\000o\000u\000t\000e\000s}{}% 24
\BOOKMARK [1][-]{section.A.1}{\376\377\000R\000e\000f\000e\000r\000e\000n\000c\000e\000\040\000m\000a\000p}{appendix.A}% 25
\BOOKMARK [1][-]{section.A.2}{\376\377\000E\000x\000a\000c\000t\000\040\000L\000e\000a\000n\000\040\000h\000a\000n\000d\000o\000f\000f\000s}{appendix.A}% 26
\BOOKMARK [1][-]{section.A.3}{\376\377\000Q\000u\000a\000r\000a\000n\000t\000i\000n\000e}{appendix.A}% 27
\BOOKMARK [1][-]{section.A.4}{\376\377\000P\000u\000b\000l\000i\000c\000-\000r\000o\000o\000t\000\040\000a\000n\000d\000\040\000C\000h\000a\000l\000l\000e\000n\000g\000e\000\040\000s\000t\000a\000t\000u\000s}{appendix.A}% 28
\BOOKMARK [1][-]{section.A.5}{\376\377\000R\000e\000s\000i\000d\000u\000a\000l\000\040\000b\000l\000o\000c\000k\000e\000r\000\040\000l\000e\000d\000g\000e\000r}{appendix.A}% 29
