⚠ [2309/2344] Replayed AlgebraicJacobian.Picard.Pic
warning: AlgebraicJacobian/Picard/Pic.lean:112:2: The `show` tactic should only be used to indicate intermediate goal states for readability.
However, this tactic invocation changed the goal. Please use `change` instead for these purposes.

Note: This linter can be disabled with `set_option linter.style.show false`
warning: AlgebraicJacobian/Picard/Pic.lean:130:4: The `show` tactic should only be used to indicate intermediate goal states for readability.
However, this tactic invocation changed the goal. Please use `change` instead for these purposes.

Note: This linter can be disabled with `set_option linter.style.show false`
warning: AlgebraicJacobian/Picard/Pic.lean:135:4: The `show` tactic should only be used to indicate intermediate goal states for readability.
However, this tactic invocation changed the goal. Please use `change` instead for these purposes.

Note: This linter can be disabled with `set_option linter.style.show false`
warning: AlgebraicJacobian/Picard/Pic.lean:140:4: The `show` tactic should only be used to indicate intermediate goal states for readability.
However, this tactic invocation changed the goal. Please use `change` instead for these purposes.

Note: This linter can be disabled with `set_option linter.style.show false`
warning: AlgebraicJacobian/Picard/Pic.lean:150:4: The `show` tactic should only be used to indicate intermediate goal states for readability.
However, this tactic invocation changed the goal. Please use `change` instead for these purposes.

Note: This linter can be disabled with `set_option linter.style.show false`
warning: AlgebraicJacobian/Picard/Pic.lean:192:2: The `show` tactic should only be used to indicate intermediate goal states for readability.
However, this tactic invocation changed the goal. Please use `change` instead for these purposes.

Note: This linter can be disabled with `set_option linter.style.show false`
warning: AlgebraicJacobian/Picard/Pic.lean:201:4: The `show` tactic should only be used to indicate intermediate goal states for readability.
However, this tactic invocation changed the goal. Please use `change` instead for these purposes.

Note: This linter can be disabled with `set_option linter.style.show false`
warning: AlgebraicJacobian/Picard/Pic.lean:206:4: The `show` tactic should only be used to indicate intermediate goal states for readability.
However, this tactic invocation changed the goal. Please use `change` instead for these purposes.

Note: This linter can be disabled with `set_option linter.style.show false`
warning: AlgebraicJacobian/Picard/Pic.lean:226:2: The `show` tactic should only be used to indicate intermediate goal states for readability.
However, this tactic invocation changed the goal. Please use `change` instead for these purposes.

Note: This linter can be disabled with `set_option linter.style.show false`
warning: AlgebraicJacobian/Picard/Pic.lean:240:2: The `show` tactic should only be used to indicate intermediate goal states for readability.
However, this tactic invocation changed the goal. Please use `change` instead for these purposes.

Note: This linter can be disabled with `set_option linter.style.show false`
⚠ [2453/2486] Replayed AlgebraicJacobian.Picard.RelPic
warning: AlgebraicJacobian/Picard/RelPic.lean:192:6: The `show` tactic should only be used to indicate intermediate goal states for readability.
However, this tactic invocation changed the goal. Please use `change` instead for these purposes.

Note: This linter can be disabled with `set_option linter.style.show false`
warning: AlgebraicJacobian/Picard/RelPic.lean:212:4: The `show` tactic should only be used to indicate intermediate goal states for readability.
However, this tactic invocation changed the goal. Please use `change` instead for these purposes.

Note: This linter can be disabled with `set_option linter.style.show false`
warning: AlgebraicJacobian/Picard/RelPic.lean:224:4: The `show` tactic should only be used to indicate intermediate goal states for readability.
However, this tactic invocation changed the goal. Please use `change` instead for these purposes.

Note: This linter can be disabled with `set_option linter.style.show false`
⚠ [8576/8718] Replayed AlgebraicJacobian.Algebra.PiLocalization
warning: AlgebraicJacobian/Algebra/PiLocalization.lean:51:0: `AlgHom.ext_of_isLocalization_pi` does not use the following hypothesis in its type:
  • [Fintype ι] (#4)

Consider replacing this hypothesis with the corresponding instance of `Finite` and using `Fintype.ofFinite` in the proof, or removing it entirely.

Note: This linter can be disabled with `set_option linter.unusedFintypeInType false`
warning: AlgebraicJacobian/Algebra/PiLocalization.lean:131:0: `Module.Flat.pi_of_finite` does not use the following hypothesis in its type:
  • [Fintype ι] (#4)

Consider replacing this hypothesis with the corresponding instance of `Finite` and using `Fintype.ofFinite` in the proof, or removing it entirely.

Note: This linter can be disabled with `set_option linter.unusedFintypeInType false`
warning: AlgebraicJacobian/Algebra/PiLocalization.lean:138:0: `Module.FaithfullyFlat.pi_of_span_eq_top` does not use the following hypothesis in its type:
  • [Fintype ι] (#4)

Consider replacing this hypothesis with the corresponding instance of `Finite` and using `Fintype.ofFinite` in the proof, or removing it entirely.

Note: This linter can be disabled with `set_option linter.unusedFintypeInType false`
⚠ [8577/8718] Replayed AlgebraicJacobian.Algebra.LocalizationCocycle
warning: AlgebraicJacobian/Algebra/LocalizationCocycle.lean:156:24: Variable name `k` is not explicitly referenced.

The binding can be removed (if unused) or named `_` (if used implicitly).

Note: This linter can be disabled with `set_option linter.unusedVariables false`
warning: AlgebraicJacobian/Algebra/LocalizationCocycle.lean:157:24: Variable name `k` is not explicitly referenced.

The binding can be removed (if unused) or named `_` (if used implicitly).

Note: This linter can be disabled with `set_option linter.unusedVariables false`
warning: AlgebraicJacobian/Algebra/LocalizationCocycle.lean:164:0: automatically included section variable(s) unused in theorem `IsLocalization.AwayCover.piUnit_val`:
  [Fintype ι]
  [DecidableEq ι]
consider restructuring your `variable` declarations so that the variables are not in scope or explicitly omit them:
  omit [Fintype ι] [DecidableEq ι] in theorem ...

Note: This linter can be disabled with `set_option linter.unusedSectionVars false`
warning: AlgebraicJacobian/Algebra/LocalizationCocycle.lean:163:0: `piUnit_val` does not use the following hypothesis in its type:
  • [DecidableEq ι] (#3)

Consider removing this hypothesis and using `classical` in the proof instead. For terms, consider using `open scoped Classical in` at the term level (not the command level).

Note: This linter can be disabled with `set_option linter.unusedDecidableInType false`
warning: AlgebraicJacobian/Algebra/LocalizationCocycle.lean:163:0: `piUnit_val` does not use the following hypothesis in its type:
  • [Fintype ι] (#2)

Consider replacing this hypothesis with the corresponding instance of `Finite` and using `Fintype.ofFinite` in the proof, or removing it entirely.

Note: This linter can be disabled with `set_option linter.unusedFintypeInType false`
warning: AlgebraicJacobian/Algebra/LocalizationCocycle.lean:170:100: This line exceeds the 100 character limit, please shorten it!

Note: This linter can be disabled with `set_option linter.style.longLine false`
warning: AlgebraicJacobian/Algebra/LocalizationCocycle.lean:433:100: This line exceeds the 100 character limit, please shorten it!

Note: This linter can be disabled with `set_option linter.style.longLine false`
⚠ [8580/8718] Replayed AlgebraicJacobian.Algebra.BaseChangeTrivialization
warning: AlgebraicJacobian/Algebra/BaseChangeTrivialization.lean:87:2: The `show` tactic should only be used to indicate intermediate goal states for readability.
However, this tactic invocation changed the goal. Please use `change` instead for these purposes.

Note: This linter can be disabled with `set_option linter.style.show false`
⚠ [8584/8718] Replayed AlgebraicJacobian.Algebra.TensorAwayPi
warning: AlgebraicJacobian/Algebra/TensorAwayPi.lean:187:0: `pi_tower` does not use the following hypothesis in its type:
  • [Fintype ι] (#7)

Consider replacing this hypothesis with the corresponding instance of `Finite` and using `Fintype.ofFinite` in the proof, or removing it entirely.

Note: This linter can be disabled with `set_option linter.unusedFintypeInType false`
⚠ [8590/8718] Replayed AlgebraicJacobian.Picard.PicAffineCover
warning: AlgebraicJacobian/Picard/PicAffineCover.lean:36:0: Unscoped option maxHeartbeats is not allowed:
Please scope this to individual declarations, as in
```
set_option maxHeartbeats in
-- comment explaining why this is necessary
example : ... := ...
```

Note: This linter can be disabled with `set_option linter.style.setOption false`
⚠ [8592/8718] Replayed AlgebraicJacobian.Picard.PicAffine
warning: AlgebraicJacobian/Picard/PicAffine.lean:43:0: Unscoped option maxHeartbeats is not allowed:
Please scope this to individual declarations, as in
```
set_option maxHeartbeats in
-- comment explaining why this is necessary
example : ... := ...
```

Note: This linter can be disabled with `set_option linter.style.setOption false`
⚠ [8593/8718] Replayed AlgebraicJacobian.Picard.CechPicToPic
warning: AlgebraicJacobian/Picard/CechPicToPic.lean:25:0: Unscoped option maxHeartbeats is not allowed:
Please scope this to individual declarations, as in
```
set_option maxHeartbeats in
-- comment explaining why this is necessary
example : ... := ...
```

Note: This linter can be disabled with `set_option linter.style.setOption false`
warning: AlgebraicJacobian/Picard/CechPicToPic.lean:68:2: The `show` tactic should only be used to indicate intermediate goal states for readability.
However, this tactic invocation changed the goal. Please use `change` instead for these purposes.

Note: This linter can be disabled with `set_option linter.style.show false`
⚠ [8607/8718] Replayed AlgebraicJacobian.Challenge
warning: AlgebraicJacobian/Challenge.lean:96:18: declaration uses `sorry`
warning: AlgebraicJacobian/Challenge.lean:107:23: declaration uses `sorry`
warning: AlgebraicJacobian/Challenge.lean:112:9: declaration uses `sorry`
warning: AlgebraicJacobian/Challenge.lean:116:0: declaration uses `sorry`
warning: AlgebraicJacobian/Challenge.lean:120:0: declaration uses `sorry`
warning: AlgebraicJacobian/Challenge.lean:125:18: declaration uses `sorry`
warning: AlgebraicJacobian/Challenge.lean:130:8: declaration uses `sorry`
warning: AlgebraicJacobian/Challenge.lean:141:8: declaration uses `sorry`
warning: AlgebraicJacobian/Challenge.lean:153:18: declaration uses `sorry`
warning: AlgebraicJacobian/Challenge.lean:244:18: declaration uses `sorry`
warning: AlgebraicJacobian/Challenge.lean:253:8: declaration uses `sorry`
warning: AlgebraicJacobian/Challenge.lean:262:8: declaration uses `sorry`
warning: AlgebraicJacobian/Challenge.lean:278:8: declaration uses `sorry`
⚠ [8682/8718] Replayed AlgebraicJacobian.Picard.CechKernelGlue
warning: AlgebraicJacobian/Picard/CechKernelGlue.lean:113:22: This simp argument is unused:
  inv_inv

Hint: Omit it from the simp argument list.
  simp only [mul_inv,̵ ̵i̵n̵v̵_̵i̵n̵v̵]

Note: This linter can be disabled with `set_option linter.unusedSimpArgs false`
warning: AlgebraicJacobian/Picard/CechKernelGlue.lean:114:13: This simp argument is unused:
  mul_comm

Hint: Omit it from the simp argument list.
  simp only [̵m̵u̵l̵_̵c̵o̵m̵m̵,̵ ̵m̵u̵l̵_̵l̵e̵f̵t̵_̵c̵o̵m̵m̵,̵[̲m̲u̲l̲_̲l̲e̲f̲t̲_̲c̲o̲m̲m̲,̲ mul_assoc]

Note: This linter can be disabled with `set_option linter.unusedSimpArgs false`
warning: AlgebraicJacobian/Picard/CechKernelGlue.lean:114:23: This simp argument is unused:
  mul_left_comm

Hint: Omit it from the simp argument list.
  simp only [mul_comm, mul_l̵e̵f̵t̵_̵c̵o̵m̵m̵,̵ ̵m̵u̵l̵_̵assoc]

Note: This linter can be disabled with `set_option linter.unusedSimpArgs false`
⚠ [8693/8718] Replayed AlgebraicJacobian.Picard.DescentClassRepBuild
warning: AlgebraicJacobian/Picard/DescentClassRepBuild.lean:72:8: automatically included section variable(s) unused in theorem `_private.AlgebraicJacobian.Picard.DescentClassRepBuild.0.AlgebraicGeometry.Over.appLE_algebraMapA`:
  [Module.FaithfullyFlat A B]
consider restructuring your `variable` declarations so that the variables are not in scope or explicitly omit them:
  omit [Module.FaithfullyFlat A B] in theorem ...

Note: This linter can be disabled with `set_option linter.unusedSectionVars false`
warning: AlgebraicJacobian/Picard/DescentClassRepBuild.lean:98:8: automatically included section variable(s) unused in theorem `_private.AlgebraicJacobian.Picard.DescentClassRepBuild.0.AlgebraicGeometry.Over.dEq_one_tmul`:
  [Algebra k A]
  [IsScalarTower k A B]
consider restructuring your `variable` declarations so that the variables are not in scope or explicitly omit them:
  omit [Algebra k A] [IsScalarTower k A B] in theorem ...

Note: This linter can be disabled with `set_option linter.unusedSectionVars false`
warning: AlgebraicJacobian/Picard/DescentClassRepBuild.lean:103:2: The `show` tactic should only be used to indicate intermediate goal states for readability.
However, this tactic invocation changed the goal. Please use `change` instead for these purposes.

Note: This linter can be disabled with `set_option linter.style.show false`
warning: AlgebraicJacobian/Picard/DescentClassRepBuild.lean:191:8: automatically included section variable(s) unused in theorem `_private.AlgebraicJacobian.Picard.DescentClassRepBuild.0.AlgebraicGeometry.Over.μval_res`:
  [Module.FaithfullyFlat A B]
consider restructuring your `variable` declarations so that the variables are not in scope or explicitly omit them:
  omit [Module.FaithfullyFlat A B] in theorem ...

Note: This linter can be disabled with `set_option linter.unusedSectionVars false`
warning: AlgebraicJacobian/Picard/DescentClassRepBuild.lean:207:8: automatically included section variable(s) unused in theorem `_private.AlgebraicJacobian.Picard.DescentClassRepBuild.0.AlgebraicGeometry.Over.inclLeft_eq_basicRes`:
  [IsScalarTower k A B]
  [Module.FaithfullyFlat A B]
consider restructuring your `variable` declarations so that the variables are not in scope or explicitly omit them:
  omit [IsScalarTower k A B] [Module.FaithfullyFlat A B] in theorem ...

Note: This linter can be disabled with `set_option linter.unusedSectionVars false`
warning: AlgebraicJacobian/Picard/DescentClassRepBuild.lean:219:8: automatically included section variable(s) unused in theorem `_private.AlgebraicJacobian.Picard.DescentClassRepBuild.0.AlgebraicGeometry.Over.inclRight_eq_basicRes`:
  [IsScalarTower k A B]
  [Module.FaithfullyFlat A B]
consider restructuring your `variable` declarations so that the variables are not in scope or explicitly omit them:
  omit [IsScalarTower k A B] [Module.FaithfullyFlat A B] in theorem ...

Note: This linter can be disabled with `set_option linter.unusedSectionVars false`
warning: AlgebraicJacobian/Picard/DescentClassRepBuild.lean:273:8: automatically included section variable(s) unused in theorem `_private.AlgebraicJacobian.Picard.DescentClassRepBuild.0.AlgebraicGeometry.Over.cancelN_smul`:
  [IsScalarTower k A B]
  [Module.FaithfullyFlat A B]
consider restructuring your `variable` declarations so that the variables are not in scope or explicitly omit them:
  omit [IsScalarTower k A B] [Module.FaithfullyFlat A B] in theorem ...

Note: This linter can be disabled with `set_option linter.unusedSectionVars false`
warning: AlgebraicJacobian/Picard/DescentClassRepBuild.lean:370:2: The `show` tactic should only be used to indicate intermediate goal states for readability.
However, this tactic invocation changed the goal. Please use `change` instead for these purposes.

Note: This linter can be disabled with `set_option linter.style.show false`
warning: AlgebraicJacobian/Picard/DescentClassRepBuild.lean:393:2: The `show` tactic should only be used to indicate intermediate goal states for readability.
However, this tactic invocation changed the goal. Please use `change` instead for these purposes.

Note: This linter can be disabled with `set_option linter.style.show false`
warning: AlgebraicJacobian/Picard/DescentClassRepBuild.lean:433:8: automatically included section variable(s) unused in theorem `_private.AlgebraicJacobian.Picard.DescentClassRepBuild.0.AlgebraicGeometry.Over.transition_mid`:
  [Module.FaithfullyFlat A B]
consider restructuring your `variable` declarations so that the variables are not in scope or explicitly omit them:
  omit [Module.FaithfullyFlat A B] in theorem ...

Note: This linter can be disabled with `set_option linter.unusedSectionVars false`
✔ [8718/8718] Built AlgebraicJacobian.Picard.JacobianDataBaseChangeAbelCore (103s)
Build completed successfully (8718 jobs).
EXIT=0
lock released
