scratch_w7/k1c.lean:21:8: error: Tactic `rewrite` failed: Did not find an occurrence of the pattern
  Over.Hom.left ?f ≫ Over.Hom.left ?g
in the target expression
  Over.Hom.left (snd C (overSpec k B)) =
    Over.Hom.left (((baseChange.idIso k).app C).inv ▷ overSpec k B) ≫
      Over.Hom.left (snd ((baseChange k k).obj C) (overSpec k B))

case refine_2
k : Type u
inst✝⁵ : Field k
C : Over (Spec (CommRingCat.of k))
inst✝⁴ : SmoothOfRelativeDimension 1 C.hom
inst✝³ : IsProper C.hom
inst✝² : GeometricallyIrreducible C.hom
B : Type u
inst✝¹ : CommRing B
inst✝ : Algebra k B
⊢ Over.Hom.left (snd C (overSpec k B)) =
    Over.Hom.left (((baseChange.idIso k).app C).inv ▷ overSpec k B) ≫
      Over.Hom.left (snd ((baseChange k k).obj C) (overSpec k B))

Note: The target expression is not type-correct under the `instances` transparency level, which may have triggered the failure. This is usually caused by unfolding of semireducible definitions in prior tactic steps. Use `set_option linter.tacticCheckInstances true` to investigate the source of the issue.
Full error:
  Application type mismatch: The argument
    Over.Hom.left (((baseChange.idIso k).app C).inv ▷ overSpec k B)
  has type
    @Quiver.Hom Scheme Scheme.instCategory.toQuiver ((𝟭 (Over (Spec (CommRingCat.of k)))).obj C ⊗ overSpec k B).left
      ((baseChange k k).obj C ⊗ overSpec k B).left
  but is expected to have type
    @Quiver.Hom Scheme Scheme.instCategory.toQuiver (C ⊗ overSpec k B).left ((baseChange k k).obj C ⊗ overSpec k B).left
  in the application
    CategoryStruct.comp (Over.Hom.left (((baseChange.idIso k).app C).inv ▷ overSpec k B))
EXIT=1
