scratch_w7/probeA.lean:42:17: error: Tactic `rewrite` failed: Did not find an occurrence of the pattern
  (picEtMap ?C ?f) ((relPicToPicEt ?C ?T) ?z)
in the target expression
  (picEtCrossBase k L C ((baseChange k L).obj C))
      ((picEtMap C ((Over.mapPullbackAdj (Spec.map (CommRingCat.ofHom (algebraMap k L)))).counit.app C))
        ((relPicToPicEt C C) ((relPicMk C C) (abelCechClass C P)))) =
    abelPicEt ((baseChange k L).obj C) (Functor.LaxMonoidal.ε (baseChange k L) ≫ (baseChange k L).map P)

k : Type u
inst✝⁵ : Field k
C : Over (Spec (CommRingCat.of k))
inst✝⁴ : SmoothOfRelativeDimension 1 C.hom
inst✝³ : IsProper C.hom
inst✝² : GeometricallyIrreducible C.hom
L : Type u
inst✝¹ : Field L
inst✝ : Algebra k L
P : 𝟙_ (Over (Spec (CommRingCat.of k))) ⟶ C
h :
  (CechPic.map (crossBaseIso k L C ((baseChange k L).obj C)).hom)
      ((CechPic.map
          (Over.Hom.left (C ◁ (Over.mapPullbackAdj (Spec.map (CommRingCat.ofHom (algebraMap k L)))).counit.app C)))
        (abelCechClass C P)) =
    abelCechClass ((baseChange k L).obj C) (Functor.LaxMonoidal.ε (baseChange k L) ≫ (baseChange k L).map P)
⊢ (picEtCrossBase k L C ((baseChange k L).obj C))
      ((picEtMap C ((Over.mapPullbackAdj (Spec.map (CommRingCat.ofHom (algebraMap k L)))).counit.app C))
        ((relPicToPicEt C C) ((relPicMk C C) (abelCechClass C P)))) =
    abelPicEt ((baseChange k L).obj C) (Functor.LaxMonoidal.ε (baseChange k L) ≫ (baseChange k L).map P)

Note: The target expression is not type-correct under the `instances` transparency level, which may have triggered the failure. This is usually caused by unfolding of semireducible definitions in prior tactic steps. Use `set_option linter.tacticCheckInstances true` to investigate the source of the issue.
Full error:
  Application type mismatch: The argument
    (relPicToPicEt C C) ((relPicMk C C) (abelCechClass C P))
  has type
    @picEt k inst✝⁵ C C
  but is expected to have type
    @picEt k inst✝⁵ C ((𝟭 (Over (Spec (CommRingCat.of k)))).obj C)
  in the application
    (picEtMap C ((Over.mapPullbackAdj (Spec.map (CommRingCat.ofHom (algebraMap k L)))).counit.app C))
      ((relPicToPicEt C C) ((relPicMk C C) (abelCechClass C P)))
Command exited with non-zero status 1
	Command being timed: "timeout 2400 env LEAN_NUM_THREADS=2 lake env lean scratch_w7/probeA.lean"
	User time (seconds): 10.72
	System time (seconds): 6.22
	Percent of CPU this job got: 9%
	Elapsed (wall clock) time (h:mm:ss or m:ss): 2:49.74
	Average shared text size (kbytes): 0
	Average unshared data size (kbytes): 0
	Average stack size (kbytes): 0
	Average total size (kbytes): 0
	Maximum resident set size (kbytes): 6364824
	Average resident set size (kbytes): 0
	Major (requiring I/O) page faults: 4907
	Minor (reclaiming a frame) page faults: 308491
	Voluntary context switches: 23383
	Involuntary context switches: 4508
	Swaps: 0
	File system inputs: 1859240
	File system outputs: 8
	Socket messages sent: 0
	Socket messages received: 0
	Signals delivered: 0
	Page size (bytes): 4096
	Exit status: 1
