\BOOKMARK [0][-]{chapter.1}{\376\377\000S\000h\000e\000a\000f\000\040\000c\000o\000n\000d\000i\000t\000i\000o\000n\000\040\000a\000l\000o\000n\000g\000\040\000t\000h\000e\000\040\000s\000t\000r\000u\000c\000t\000u\000r\000e\000-\000s\000h\000e\000a\000f\000\040\000f\000o\000r\000g\000e\000t\000\040\000c\000o\000m\000p\000o\000s\000i\000t\000e}{}% 1
\BOOKMARK [1][-]{section.1.1}{\376\377\000S\000t\000a\000t\000e\000m\000e\000n\000t}{chapter.1}% 2
\BOOKMARK [0][-]{chapter.2}{\376\377\000S\000t\000r\000u\000c\000t\000u\000r\000e\000\040\000s\000h\000e\000a\000f\000\040\000a\000s\000\040\000a\000\040\000s\000h\000e\000a\000f\000\040\000o\000f\000\040\000a\000b\000e\000l\000i\000a\000n\000\040\000g\000r\000o\000u\000p\000s\000,\000\040\000s\000h\000e\000a\000f\000i\000f\000i\000c\000a\000t\000i\000o\000n\000\040\000a\000n\000d\000\040\000E\000x\000t}{}% 3
\BOOKMARK [1][-]{section.2.1}{\376\377\000S\000h\000e\000a\000f\000i\000f\000i\000c\000a\000t\000i\000o\000n\000\040\000o\000f\000\040\000a\000b\000e\000l\000i\000a\000n\000-\000g\000r\000o\000u\000p\000-\000v\000a\000l\000u\000e\000d\000\040\000s\000h\000e\000a\000v\000e\000s\000\040\000o\000n\000\040\000o\000p\000e\000n\000s}{chapter.2}% 4
\BOOKMARK [1][-]{section.2.2}{\376\377\000`\0003\003\001\0009\000`\0004\0002\000`\000"\003\007\0006\0001\0003\000A\000`\000`\0004\0005\000`\0004\0007\000`\000"\0006\0000\0003\000A\000E\000x\000t\000\040\000f\000o\000r\000\040\000s\000h\000e\000a\000v\000e\000s\000\040\000o\000n\000\040\000o\000p\000e\000n\000s}{chapter.2}% 5
\BOOKMARK [1][-]{section.2.3}{\376\377\000S\000t\000r\000u\000c\000t\000u\000r\000e\000\040\000s\000h\000e\000a\000f\000\040\000a\000s\000\040\000a\000\040\000s\000h\000e\000a\000f\000\040\000o\000f\000\040\000a\000b\000e\000l\000i\000a\000n\000\040\000g\000r\000o\000u\000p\000s}{chapter.2}% 6
\BOOKMARK [1][-]{section.2.4}{\376\377\000C\000o\000h\000o\000m\000o\000l\000o\000g\000y\000\040\000o\000f\000\040\000t\000h\000e\000\040\000s\000t\000r\000u\000c\000t\000u\000r\000e\000\040\000s\000h\000e\000a\000f}{chapter.2}% 7
\BOOKMARK [0][-]{chapter.3}{\376\377\000S\000h\000e\000a\000v\000e\000s\000\040\000o\000f\000\040\000k\000-\000m\000o\000d\000u\000l\000e\000s\000:\000\040\000s\000h\000e\000a\000f\000i\000f\000i\000c\000a\000t\000i\000o\000n\000,\000\040\000E\000x\000t\000,\000\040\000a\000n\000d\000\040\000t\000h\000e\000\040\000s\000t\000r\000u\000c\000t\000u\000r\000e\000\040\000s\000h\000e\000a\000f\000\040\000a\000s\000\040\000a\000\040\000s\000h\000e\000a\000f\000\040\000o\000f\000\040\000k\000-\000m\000o\000d\000u\000l\000e\000s}{}% 8
\BOOKMARK [1][-]{section.3.1}{\376\377\000S\000h\000e\000a\000f\000i\000f\000i\000c\000a\000t\000i\000o\000n\000\040\000o\000f\000\040\000k\000-\000m\000o\000d\000u\000l\000e\000-\000v\000a\000l\000u\000e\000d\000\040\000s\000h\000e\000a\000v\000e\000s\000\040\000o\000n\000\040\000o\000p\000e\000n\000s}{chapter.3}% 9
\BOOKMARK [1][-]{section.3.2}{\376\377\000`\0003\003\001\0009\000`\0004\0002\000`\000"\003\007\0006\0001\0003\000A\000`\000`\0004\0005\000`\0004\0007\000`\000"\0006\0000\0003\000A\000E\000x\000t\000\040\000f\000o\000r\000\040\000k\000-\000m\000o\000d\000u\000l\000e\000-\000v\000a\000l\000u\000e\000d\000\040\000s\000h\000e\000a\000v\000e\000s\000\040\000o\000n\000\040\000o\000p\000e\000n\000s}{chapter.3}% 10
\BOOKMARK [1][-]{section.3.3}{\376\377\000T\000h\000e\000\040\000s\000t\000r\000u\000c\000t\000u\000r\000e\000\040\000s\000h\000e\000a\000f\000\040\000o\000f\000\040\000a\000\040\000`\0003\003\001\0009\000`\0004\0002\000`\000"\003\007\0006\0001\0003\000A\000`\000`\0004\0005\000`\0004\0007\000`\000"\0006\0000\0003\000A\000S\000p\000e\000c\000k\000-\000s\000c\000h\000e\000m\000e\000\040\000a\000s\000\040\000a\000\040\000s\000h\000e\000a\000f\000\040\000o\000f\000\040\000k\000-\000m\000o\000d\000u\000l\000e\000s}{chapter.3}% 11
\BOOKMARK [2][-]{subsection.3.3.1}{\376\377\000T\000h\000e\000\040\000a\000l\000g\000e\000b\000r\000a\000\040\000m\000a\000p\000\040\000f\000r\000o\000m\000\040\000t\000h\000e\000\040\000s\000t\000r\000u\000c\000t\000u\000r\000e\000\040\000m\000o\000r\000p\000h\000i\000s\000m}{section.3.3}% 12
\BOOKMARK [2][-]{subsection.3.3.2}{\376\377\000N\000a\000t\000u\000r\000a\000l\000i\000t\000y\000\040\000o\000f\000\040\000t\000h\000e\000\040\000a\000l\000g\000e\000b\000r\000a\000\040\000m\000a\000p}{section.3.3}% 13
\BOOKMARK [2][-]{subsection.3.3.3}{\376\377\000T\000h\000e\000\040\000p\000r\000e\000s\000h\000e\000a\000f\000\040\000o\000f\000\040\000k\000-\000m\000o\000d\000u\000l\000e\000s\000\040\000a\000n\000d\000\040\000i\000t\000s\000\040\000s\000h\000e\000a\000f\000\040\000c\000o\000n\000d\000i\000t\000i\000o\000n}{section.3.3}% 14
\BOOKMARK [2][-]{subsection.3.3.4}{\376\377\000T\000h\000e\000\040\000s\000t\000r\000u\000c\000t\000u\000r\000e\000\040\000s\000h\000e\000a\000f\000\040\000a\000s\000\040\000a\000\040\000s\000h\000e\000a\000f\000\040\000o\000f\000\040\000k\000-\000m\000o\000d\000u\000l\000e\000s}{section.3.3}% 15
\BOOKMARK [2][-]{subsection.3.3.5}{\376\377\000F\000o\000r\000g\000e\000t\000-\000a\000n\000d\000-\000r\000e\000c\000o\000v\000e\000r\000:\000\040\000b\000r\000i\000d\000g\000i\000n\000g\000\040\000k\000-\000m\000o\000d\000u\000l\000e\000\040\000a\000n\000d\000\040\000a\000b\000e\000l\000i\000a\000n\000-\000g\000r\000o\000u\000p\000\040\000v\000a\000l\000u\000e\000s}{section.3.3}% 16
\BOOKMARK [1][-]{section.3.4}{\376\377\000S\000h\000e\000a\000f\000\040\000c\000o\000h\000o\000m\000o\000l\000o\000g\000y\000\040\000w\000i\000t\000h\000\040\000k\000-\000m\000o\000d\000u\000l\000e\000\040\000c\000o\000e\000f\000f\000i\000c\000i\000e\000n\000t\000s}{chapter.3}% 17
\BOOKMARK [1][-]{section.3.5}{\376\377\000T\000h\000e\000\040\000H\0000\000\040\000a\000l\000g\000e\000b\000r\000a\000i\000c\000\040\000b\000r\000i\000d\000g\000e}{chapter.3}% 18
\BOOKMARK [1][-]{section.3.6}{\376\377\001\014\000e\000c\000h\000\040\000c\000o\000h\000o\000m\000o\000l\000o\000g\000y\000\040\000o\000f\000\040\000t\000h\000e\000\040\000s\000t\000r\000u\000c\000t\000u\000r\000e\000\040\000s\000h\000e\000a\000f}{chapter.3}% 19
\BOOKMARK [1][-]{section.3.7}{\376\377\000C\000o\000h\000o\000m\000o\000l\000o\000g\000y\000\040\000o\000f\000\040\000a\000n\000\040\000o\000p\000e\000n\000\040\000i\000n\000\040\000k\000-\000m\000o\000d\000u\000l\000e\000\040\000f\000l\000a\000v\000o\000r}{chapter.3}% 20
\BOOKMARK [1][-]{section.3.8}{\376\377\000T\000h\000e\000\040\000H\0000\000\040\000a\000l\000g\000e\000b\000r\000a\000i\000c\000\040\000b\000r\000i\000d\000g\000e\000\040\000f\000o\000r\000\040\000c\000o\000h\000o\000m\000o\000l\000o\000g\000y\000\040\000o\000f\000\040\000a\000n\000\040\000o\000p\000e\000n}{chapter.3}% 21
\BOOKMARK [1][-]{section.3.9}{\376\377\000k\000-\000f\000i\000n\000i\000t\000e\000\040\000t\000r\000a\000n\000s\000p\000o\000r\000t\000\040\000c\000o\000m\000p\000a\000n\000i\000o\000n\000s\000\040\000f\000o\000r\000\040\000t\000h\000e\000\040\000H\0000\000\040\000b\000r\000i\000d\000g\000e\000s}{chapter.3}% 22
\BOOKMARK [1][-]{section.3.10}{\376\377\000C\000u\000r\000v\000e\000\040\000s\000p\000e\000c\000i\000a\000l\000i\000s\000a\000t\000i\000o\000n\000s\000\040\000o\000f\000\040\000t\000h\000e\000\040\000H\0000\000\040\000f\000i\000n\000i\000t\000e\000-\000d\000i\000m\000e\000n\000s\000i\000o\000n\000a\000l\000i\000t\000y\000\040\000t\000r\000a\000n\000s\000p\000o\000r\000t\000s}{chapter.3}% 23
\BOOKMARK [1][-]{section.3.11}{\376\377\000A\000f\000f\000i\000n\000e\000\040\000c\000o\000h\000o\000m\000o\000l\000o\000g\000y\000\040\000v\000a\000n\000i\000s\000h\000i\000n\000g}{chapter.3}% 24
\BOOKMARK [1][-]{section.3.12}{\376\377\000G\000l\000o\000b\000a\000l\000\040\000H\0000\000\040\000H\000o\000m\000-\000f\000i\000n\000i\000t\000e\000n\000e\000s\000s}{chapter.3}% 25
\BOOKMARK [1][-]{section.3.13}{\376\377\000S\000t\000e\000i\000n\000\040\000f\000i\000n\000i\000t\000e\000n\000e\000s\000s\000\040\000o\000f\000\040\000g\000l\000o\000b\000a\000l\000\040\000s\000e\000c\000t\000i\000o\000n\000s}{chapter.3}% 26
\BOOKMARK [1][-]{section.3.14}{\376\377\000G\000l\000o\000b\000a\000l\000-\000s\000e\000c\000t\000i\000o\000n\000s\000\040\000e\000v\000a\000l\000u\000a\000t\000i\000o\000n\000\040\000i\000s\000o\000m\000o\000r\000p\000h\000i\000s\000m}{chapter.3}% 27
\BOOKMARK [1][-]{section.3.15}{\376\377\000G\000l\000o\000b\000a\000l\000\040\000H\000o\000m\000-\000f\000i\000n\000i\000t\000e\000n\000e\000s\000s\000\040\000f\000o\000r\000\040\000t\000h\000e\000\040\000s\000t\000r\000u\000c\000t\000u\000r\000e\000\040\000s\000h\000e\000a\000f}{chapter.3}% 28
\BOOKMARK [1][-]{section.3.16}{\376\377\001\014\000e\000c\000h\000\040\000c\000o\000m\000p\000l\000e\000x\000e\000s\000\040\000f\000o\000r\000\040\000a\000r\000b\000i\000t\000r\000a\000r\000y\000\040\000s\000h\000e\000a\000v\000e\000s}{chapter.3}% 29
\BOOKMARK [1][-]{section.3.17}{\376\377\001\014\000e\000c\000h\000\040\000a\000c\000y\000c\000l\000i\000c\000i\000t\000y}{chapter.3}% 30
\BOOKMARK [1][-]{section.3.18}{\376\377\000C\000o\000h\000o\000m\000o\000l\000o\000g\000i\000c\000a\000l\000\040\000c\000o\000n\000s\000e\000q\000u\000e\000n\000c\000e\000s}{chapter.3}% 31
\BOOKMARK [0][-]{chapter.4}{\376\377\000M\000a\000y\000e\000r\040\023\000V\000i\000e\000t\000o\000r\000i\000s\000\040\000l\000o\000n\000g\000\040\000e\000x\000a\000c\000t\000\040\000s\000e\000q\000u\000e\000n\000c\000e\000\040\000f\000o\000r\000\040\000s\000h\000e\000a\000f\000\040\000c\000o\000h\000o\000m\000o\000l\000o\000g\000y\000\040\000w\000i\000t\000h\000\040\000k\000-\000m\000o\000d\000u\000l\000e\000\040\000c\000o\000e\000f\000f\000i\000c\000i\000e\000n\000t\000s}{}% 32
\BOOKMARK [1][-]{section.4.1}{\376\377\000F\000u\000n\000c\000t\000o\000r\000i\000a\000l\000i\000t\000y\000\040\000o\000f\000\040\000c\000o\000h\000o\000m\000o\000l\000o\000g\000y\000\040\000i\000n\000\040\000t\000h\000e\000\040\000o\000p\000e\000n\000\040\000v\000a\000r\000i\000a\000b\000l\000e}{chapter.4}% 33
\BOOKMARK [1][-]{section.4.2}{\376\377\000M\000a\000y\000e\000r\040\023\000V\000i\000e\000t\000o\000r\000i\000s\000\040\000l\000o\000n\000g\000\040\000e\000x\000a\000c\000t\000\040\000s\000e\000q\000u\000e\000n\000c\000e}{chapter.4}% 34
\BOOKMARK [2][-]{subsection.4.2.1}{\376\377\000T\000h\000e\000\040\000r\000e\000s\000t\000r\000i\000c\000t\000i\000o\000n\000\040\000m\000a\000p\000s}{section.4.2}% 35
\BOOKMARK [2][-]{subsection.4.2.2}{\376\377\000T\000h\000e\000\040\000s\000h\000o\000r\000t\000\040\000e\000x\000a\000c\000t\000\040\000s\000e\000q\000u\000e\000n\000c\000e\000\040\000o\000f\000\040\000s\000h\000e\000a\000v\000e\000s}{section.4.2}% 36
\BOOKMARK [2][-]{subsection.4.2.3}{\376\377\000T\000h\000e\000\040\000c\000o\000n\000n\000e\000c\000t\000i\000n\000g\000\040\000h\000o\000m\000o\000m\000o\000r\000p\000h\000i\000s\000m\000\040\000a\000n\000d\000\040\000t\000h\000e\000\040\000l\000o\000n\000g\000\040\000e\000x\000a\000c\000t\000\040\000s\000e\000q\000u\000e\000n\000c\000e}{section.4.2}% 37
\BOOKMARK [2][-]{subsection.4.2.4}{\376\377\000C\000o\000m\000p\000a\000r\000i\000s\000o\000n\000\040\000w\000i\000t\000h\000\040\000t\000h\000e\000\040\000`\0003\003\001\0009\000`\0004\0002\000`\000"\003\007\0006\0001\0003\000A\000`\000`\0004\0005\000`\0004\0007\000`\000"\0006\0000\0003\000A\000E\000x\000t\000\040\000c\000o\000n\000t\000r\000a\000v\000a\000r\000i\000a\000n\000t\000\040\000s\000e\000q\000u\000e\000n\000c\000e}{section.4.2}% 38
\BOOKMARK [2][-]{subsection.4.2.5}{\376\377\000E\000x\000a\000c\000t\000n\000e\000s\000s}{section.4.2}% 39
\BOOKMARK [1][-]{section.4.3}{\376\377\000T\000w\000o\000-\000a\000f\000f\000i\000n\000e\000\040\000o\000p\000e\000n\000\040\000c\000o\000v\000e\000r\000s}{chapter.4}% 40
\BOOKMARK [2][-]{subsection.4.3.1}{\376\377\000S\000e\000r\000r\000e\000-\000f\000i\000n\000i\000t\000e\000n\000e\000s\000s\000\040\000c\000o\000n\000s\000e\000q\000u\000e\000n\000c\000e}{section.4.3}% 41
\BOOKMARK [1][-]{section.4.4}{\376\377\000C\000o\000h\000o\000m\000o\000l\000o\000g\000y\000\040\000o\000f\000\040\000t\000h\000e\000\040\000w\000h\000o\000l\000e\000\040\000s\000p\000a\000c\000e}{chapter.4}% 42
\BOOKMARK [2][-]{subsection.4.4.1}{\376\377\000S\000o\000u\000r\000c\000e\000-\000o\000b\000j\000e\000c\000t\000\040\000i\000d\000e\000n\000t\000i\000f\000i\000c\000a\000t\000i\000o\000n}{section.4.4}% 43
\BOOKMARK [2][-]{subsection.4.4.2}{\376\377\000`\0003\003\001\0009\000`\0004\0002\000`\000"\003\007\0006\0001\0003\000A\000`\000`\0004\0005\000`\0004\0007\000`\000"\0006\0000\0003\000A\000E\000x\000t\000\040\000t\000r\000a\000n\000s\000p\000o\000r\000t}{section.4.4}% 44
\BOOKMARK [2][-]{subsection.4.4.3}{\376\377\000C\000h\000a\000n\000g\000e\000\040\000o\000f\000\040\000u\000n\000i\000v\000e\000r\000s\000e\000\040\000a\000n\000d\000\040\000t\000h\000e\000\040\000f\000u\000l\000l\000\040\000b\000r\000i\000d\000g\000e}{section.4.4}% 45
\BOOKMARK [2][-]{subsection.4.4.4}{\376\377\000S\000p\000e\000c\000i\000a\000l\000i\000s\000a\000t\000i\000o\000n\000\040\000t\000o\000\040\000t\000h\000e\000\040\000X\0004\000\040\000c\000o\000r\000n\000e\000r\000\040\000o\000f\000\040\000a\000\040\000t\000w\000o\000-\000a\000f\000f\000i\000n\000e\000\040\000c\000o\000v\000e\000r}{section.4.4}% 46
\BOOKMARK [2][-]{subsection.4.4.5}{\376\377\000C\000o\000n\000s\000e\000q\000u\000e\000n\000c\000e\000s\000\040\000f\000o\000r\000\040\000f\000i\000n\000i\000t\000e\000\040\000d\000i\000m\000e\000n\000s\000i\000o\000n\000a\000l\000i\000t\000y}{section.4.4}% 47
\BOOKMARK [1][-]{section.4.5}{\376\377\001\014\000e\000c\000h\000\040\000a\000c\000y\000c\000l\000i\000c\000i\000t\000y\000\040\000a\000n\000d\000\040\000v\000a\000n\000i\000s\000h\000i\000n\000g\000\040\000o\000n\000\040\000a\000f\000f\000i\000n\000e\000s}{chapter.4}% 48
\BOOKMARK [2][-]{subsection.4.5.1}{\376\377\000T\000o\000p\000-\000s\000u\000p\000r\000e\000m\000u\000m\000\040\000t\000r\000a\000n\000s\000p\000o\000r\000t}{section.4.5}% 49
\BOOKMARK [2][-]{subsection.4.5.2}{\376\377\000C\000o\000m\000p\000a\000r\000i\000s\000o\000n\000\040\000d\000a\000t\000a}{section.4.5}% 50
\BOOKMARK [2][-]{subsection.4.5.3}{\376\377\000A\000c\000y\000c\000l\000i\000c\000\040\000c\000o\000v\000e\000r\000s\000\040\000o\000f\000\040\000a\000f\000f\000i\000n\000e\000\040\000o\000p\000e\000n\000s}{section.4.5}% 51
\BOOKMARK [1][-]{section.4.6}{\376\377\000F\000i\000n\000i\000t\000e\000-\000d\000i\000m\000e\000n\000s\000i\000o\000n\000a\000l\000i\000t\000y\000\040\000c\000o\000n\000s\000e\000q\000u\000e\000n\000c\000e}{chapter.4}% 52
\BOOKMARK [0][-]{chapter.5}{\376\377\000F\000l\000a\000t\000\040\000b\000a\000s\000e\000\040\000c\000h\000a\000n\000g\000e\000\040\000f\000o\000r\000\040\000t\000h\000e\000\040\000p\000u\000s\000h\000f\000o\000r\000w\000a\000r\000d\000\040\000o\000f\000\040\000a\000\040\000q\000u\000a\000s\000i\000-\000c\000o\000h\000e\000r\000e\000n\000t\000\040\000s\000h\000e\000a\000f\000\040\000\050\000i\000=\0000\000\051}{}% 53
\BOOKMARK [1][-]{section.5.1}{\376\377\000S\000e\000t\000u\000p\000\040\000a\000n\000d\000\040\000m\000o\000t\000i\000v\000a\000t\000i\000o\000n}{chapter.5}% 54
\BOOKMARK [1][-]{section.5.2}{\376\377\000T\000w\000o\000\040\000r\000o\000u\000t\000e\000s\000\040\000t\000o\000\040\000b\000a\000s\000e\000\040\000c\000h\000a\000n\000g\000e\000,\000\040\000a\000n\000d\000\040\000w\000h\000i\000c\000h\000\040\000o\000n\000e\000\040\000i\000s\000\040\000a\000c\000t\000i\000v\000e}{chapter.5}% 55
\BOOKMARK [1][-]{section.5.3}{\376\377\000T\000h\000e\000\040\000c\000a\000n\000o\000n\000i\000c\000a\000l\000\040\000b\000a\000s\000e\000-\000c\000h\000a\000n\000g\000e\000\040\000m\000a\000p}{chapter.5}% 56
\BOOKMARK [1][-]{section.5.4}{\376\377\000T\000h\000e\000\040\000a\000f\000f\000i\000n\000e\000\040\000c\000a\000s\000e}{chapter.5}% 57
\BOOKMARK [2][-]{subsection.5.4.1}{\376\377\000L\000o\000c\000a\000l\000i\000t\000y\000\040\000o\000f\000\040\000i\000s\000o\000m\000o\000r\000p\000h\000i\000s\000m\000s\000\040\000f\000o\000r\000\040\000S\000c\000h\000e\000m\000e\000.\000M\000o\000d\000u\000l\000e\000s\000\040\000m\000o\000r\000p\000h\000i\000s\000m\000s}{section.5.4}% 58
\BOOKMARK [2][-]{subsection.5.4.2}{\376\377\000T\000h\000e\000\040\000a\000f\000f\000i\000n\000e\000\040\000c\000o\000m\000p\000u\000t\000a\000t\000i\000o\000n}{section.5.4}% 59
\BOOKMARK [2][-]{subsection.5.4.3}{\376\377\000T\000h\000e\000\040\000p\000u\000l\000l\000b\000a\000c\000k\000\040\000c\000o\000m\000p\000a\000n\000i\000o\000n}{section.5.4}% 60
\BOOKMARK [2][-]{subsection.5.4.4}{\376\377\000T\000h\000e\000\040\000c\000o\000n\000c\000r\000e\000t\000e\000-\000t\000i\000l\000d\000e\000\040\000a\000f\000f\000i\000n\000e\000\040\000b\000a\000s\000e\000-\000c\000h\000a\000n\000g\000e\000\040\000b\000r\000i\000c\000k\000\040\000\050\000a\000c\000t\000i\000v\000e\000\040\000r\000o\000u\000t\000e\000\051}{section.5.4}% 61
\BOOKMARK [1][-]{section.5.5}{\376\377\000G\000l\000u\000i\000n\000g\000\040\000t\000h\000e\000\040\000a\000f\000f\000i\000n\000e\000\040\000b\000a\000s\000e\000-\000c\000h\000a\000n\000g\000e\000\040\000i\000s\000o\000m\000o\000r\000p\000h\000i\000s\000m\000s\000\040\000t\000o\000\040\000a\000\040\000g\000l\000o\000b\000a\000l\000\040\000n\000a\000t\000u\000r\000a\000l\000\040\000i\000s\000o}{chapter.5}% 62
\BOOKMARK [2][-]{subsection.5.5.1}{\376\377\000T\000h\000e\000\040\000c\000h\000a\000r\000t\000-\000t\000o\000w\000e\000r\000\040\000i\000n\000d\000e\000x\000i\000n\000g\000\040\000d\000a\000t\000u\000m\000\040\000\050\000s\000c\000a\000f\000f\000o\000l\000d\000i\000n\000g\000\051}{section.5.5}% 63
\BOOKMARK [1][-]{section.5.6}{\376\377\000M\000a\000t\000h\000l\000i\000b\000\040\000s\000t\000u\000b\000s\000\040\000i\000m\000p\000o\000r\000t\000e\000d\000\040\000f\000o\000r\000\040\000t\000h\000e\000\040\000G\000r\000a\000s\000s\000m\000a\000n\000n\000i\000a\000n\000/\000Q\000u\000o\000t\000\040\000d\000e\000s\000c\000e\000n\000t}{chapter.5}% 64
\BOOKMARK [0][-]{chapter.6}{\376\377\000H\000i\000g\000h\000e\000r\000\040\000d\000i\000r\000e\000c\000t\000\040\000i\000m\000a\000g\000e\000s\000\040\000o\000f\000\040\000q\000u\000a\000s\000i\000-\000c\000o\000h\000e\000r\000e\000n\000t\000\040\000s\000h\000e\000a\000v\000e\000s\000\040\000i\000n\000\040\000p\000o\000s\000i\000t\000i\000v\000e\000\040\000d\000e\000g\000r\000e\000e}{}% 65
\BOOKMARK [1][-]{section.6.1}{\376\377\000S\000e\000t\000u\000p\000\040\000a\000n\000d\000\040\000m\000o\000t\000i\000v\000a\000t\000i\000o\000n}{chapter.6}% 66
\BOOKMARK [1][-]{section.6.2}{\376\377\000D\000e\000f\000i\000n\000i\000t\000i\000o\000n\000\040\000o\000f\000\040\000t\000h\000e\000\040\000h\000i\000g\000h\000e\000r\000\040\000d\000i\000r\000e\000c\000t\000\040\000i\000m\000a\000g\000e\000s}{chapter.6}% 67
\BOOKMARK [1][-]{section.6.3}{\376\377\000Q\000u\000a\000s\000i\000-\000c\000o\000h\000e\000r\000e\000n\000c\000e\000\040\000o\000f\000\040\000t\000h\000e\000\040\000h\000i\000g\000h\000e\000r\000\040\000d\000i\000r\000e\000c\000t\000\040\000i\000m\000a\000g\000e\000s}{chapter.6}% 68
\BOOKMARK [1][-]{section.6.4}{\376\377\000V\000a\000n\000i\000s\000h\000i\000n\000g\000\040\000o\000f\000\040\000h\000i\000g\000h\000e\000r\000\040\000d\000i\000r\000e\000c\000t\000\040\000i\000m\000a\000g\000e\000s\000\040\000a\000l\000o\000n\000g\000\040\000a\000n\000\040\000a\000f\000f\000i\000n\000e\000\040\000m\000o\000r\000p\000h\000i\000s\000m}{chapter.6}% 69
\BOOKMARK [1][-]{section.6.5}{\376\377\000F\000l\000a\000t\000\040\000b\000a\000s\000e\000\040\000c\000h\000a\000n\000g\000e\000\040\000f\000o\000r\000\040\000t\000h\000e\000\040\000h\000i\000g\000h\000e\000r\000\040\000d\000i\000r\000e\000c\000t\000\040\000i\000m\000a\000g\000e\000s}{chapter.6}% 70
\BOOKMARK [0][-]{chapter.7}{\376\377\000A\000c\000y\000c\000l\000i\000c\000\040\000r\000e\000s\000o\000l\000u\000t\000i\000o\000n\000s\000\040\000c\000o\000m\000p\000u\000t\000e\000\040\000r\000i\000g\000h\000t\000-\000d\000e\000r\000i\000v\000e\000d\000\040\000f\000u\000n\000c\000t\000o\000r\000s}{}% 71
\BOOKMARK [1][-]{section.7.1}{\376\377\000S\000e\000t\000u\000p\000\040\000a\000n\000d\000\040\000m\000o\000t\000i\000v\000a\000t\000i\000o\000n}{chapter.7}% 72
\BOOKMARK [1][-]{section.7.2}{\376\377\000K\000n\000o\000w\000n\000\040\000r\000e\000s\000u\000l\000t\000s}{chapter.7}% 73
\BOOKMARK [1][-]{section.7.3}{\376\377\000R\000i\000g\000h\000t\000-\000a\000c\000y\000c\000l\000i\000c\000\040\000o\000b\000j\000e\000c\000t\000s}{chapter.7}% 74
\BOOKMARK [1][-]{section.7.4}{\376\377\000L\000i\000f\000t\000i\000n\000g\000\040\000a\000\040\000s\000h\000o\000r\000t\000\040\000e\000x\000a\000c\000t\000\040\000s\000e\000q\000u\000e\000n\000c\000e\000\040\000t\000o\000\040\000i\000n\000j\000e\000c\000t\000i\000v\000e\000\040\000r\000e\000s\000o\000l\000u\000t\000i\000o\000n\000s}{chapter.7}% 75
\BOOKMARK [2][-]{subsection.7.4.1}{\376\377\000T\000h\000e\000\040\000h\000o\000r\000s\000e\000s\000h\000o\000e\000\040\000c\000o\000n\000s\000t\000r\000u\000c\000t\000i\000o\000n\000,\000\040\000s\000t\000e\000p\000\040\000b\000y\000\040\000s\000t\000e\000p}{section.7.4}% 76
\BOOKMARK [1][-]{section.7.5}{\376\377\000T\000h\000e\000\040\000d\000i\000m\000e\000n\000s\000i\000o\000n\000-\000s\000h\000i\000f\000t\000\040\000s\000t\000e\000p}{chapter.7}% 77
\BOOKMARK [1][-]{section.7.6}{\376\377\000C\000o\000s\000y\000z\000y\000g\000i\000e\000s\000\040\000o\000f\000\040\000a\000n\000\040\000a\000c\000y\000c\000l\000i\000c\000\040\000r\000e\000s\000o\000l\000u\000t\000i\000o\000n}{chapter.7}% 78
\BOOKMARK [1][-]{section.7.7}{\376\377\000T\000h\000e\000\040\000a\000c\000y\000c\000l\000i\000c\000-\000r\000e\000s\000o\000l\000u\000t\000i\000o\000n\000\040\000c\000o\000m\000p\000a\000r\000i\000s\000o\000n\000\040\000t\000h\000e\000o\000r\000e\000m}{chapter.7}% 79
\BOOKMARK [0][-]{chapter.8}{\376\377\001\014\000e\000c\000h\000\040\000c\000o\000m\000p\000u\000t\000a\000t\000i\000o\000n\000\040\000o\000f\000\040\000h\000i\000g\000h\000e\000r\000\040\000d\000i\000r\000e\000c\000t\000\040\000i\000m\000a\000g\000e\000s\000\040\000R\000i\000\040\000f\000*\000\040\000\050\000u\000n\000c\000o\000n\000d\000i\000t\000i\000o\000n\000a\000l\000\051}{}% 80
\BOOKMARK [1][-]{section.8.1}{\376\377\000S\000e\000t\000u\000p\000\040\000a\000n\000d\000\040\000m\000o\000t\000i\000v\000a\000t\000i\000o\000n}{chapter.8}% 81
\BOOKMARK [1][-]{section.8.2}{\376\377\000T\000h\000e\000\040\001\014\000e\000c\000h\000\040\000n\000e\000r\000v\000e\000\040\000a\000n\000d\000\040\001\014\000e\000c\000h\000\040\000c\000o\000m\000p\000l\000e\000x\000\040\000o\000f\000\040\000a\000n\000\040\000a\000f\000f\000i\000n\000e\000\040\000c\000o\000v\000e\000r}{chapter.8}% 82
\BOOKMARK [2][-]{subsection.8.2.1}{\376\377\000T\000h\000e\000\040\000t\000h\000r\000e\000e\000-\000p\000a\000r\000t\000\040\000c\000o\000n\000s\000t\000r\000u\000c\000t\000i\000o\000n\000\040\000o\000f\000\040\000t\000h\000e\000\040\000r\000e\000l\000a\000t\000i\000v\000e\000\040\001\014\000e\000c\000h\000\040\000c\000o\000m\000p\000l\000e\000x}{section.8.2}% 83
\BOOKMARK [1][-]{section.8.3}{\376\377\000A\000f\000f\000i\000n\000e\000\040\000a\000c\000y\000c\000l\000i\000c\000i\000t\000y\000\040\000o\000f\000\040\000t\000h\000e\000\040\001\014\000e\000c\000h\000\040\000c\000o\000m\000p\000l\000e\000x}{chapter.8}% 84
\BOOKMARK [2][-]{subsection.8.3.1}{\376\377\000T\000h\000e\000\040\000c\000a\000t\000e\000g\000o\000r\000i\000c\000a\000l\040\023\000m\000o\000d\000u\000l\000e\000\040\000b\000r\000i\000d\000g\000e\000\040\000\050\000L\0001\000\051}{section.8.3}% 85
\BOOKMARK [2][-]{subsection.8.3.2}{\376\377\000P\000r\000e\000s\000h\000e\000a\000f\000-\000l\000e\000v\000e\000l\000\040\001\014\000e\000c\000h\000\040\000m\000a\000c\000h\000i\000n\000e\000r\000y}{section.8.3}% 86
\BOOKMARK [1][-]{section.8.4}{\376\377\000A\000b\000s\000o\000l\000u\000t\000e\000\040\000s\000h\000e\000a\000f\000\040\000c\000o\000h\000o\000m\000o\000l\000o\000g\000y\000\040\000a\000s\000\040\000E\000x\000t\000\040\000o\000f\000\040\000t\000h\000e\000\040\000c\000o\000r\000e\000p\000r\000e\000s\000e\000n\000t\000i\000n\000g\000\040\000o\000b\000j\000e\000c\000t}{chapter.8}% 87
\BOOKMARK [2][-]{subsection.8.4.1}{\376\377\000P\000r\000o\000j\000e\000c\000t\000\040\000w\000r\000a\000p\000p\000e\000r\000s\000\040\000a\000r\000o\000u\000n\000d\000\040\000t\000h\000e\000\040\000E\000x\000t\000\040\000r\000e\000a\000l\000i\000z\000a\000t\000i\000o\000n}{section.8.4}% 88
\BOOKMARK [2][-]{subsection.8.4.2}{\376\377\000T\000h\000e\000\040\000a\000f\000f\000i\000n\000e\000\040\000i\000n\000s\000t\000a\000n\000t\000i\000a\000t\000i\000o\000n\000\040\000\050\000T\000a\000g\000\040\0000\0001\000X\000B\000\051}{section.8.4}% 89
\BOOKMARK [1][-]{section.8.5}{\376\377\000T\000h\000e\000\040\0000\0001\000I\0008\000\040\000c\000o\000u\000n\000i\000t\000\040\000i\000s\000o\000m\000o\000r\000p\000h\000i\000s\000m\000\040\000v\000i\000a\000\040\000s\000e\000c\000t\000i\000o\000n\000\040\000l\000o\000c\000a\000l\000i\000z\000a\000t\000i\000o\000n}{chapter.8}% 90
\BOOKMARK [2][-]{subsection.8.5.1}{\376\377\000S\000e\000c\000t\000i\000o\000n\000\040\001\014\000e\000c\000h\000\040\000i\000n\000f\000r\000a\000s\000t\000r\000u\000c\000t\000u\000r\000e\000\040\000a\000n\000d\000\040\000t\000h\000e\000\040\000c\000o\000v\000e\000r\000-\000s\000y\000s\000t\000e\000m\000\040\000e\000n\000c\000o\000d\000i\000n\000g}{section.8.5}% 91
\BOOKMARK [1][-]{section.8.6}{\376\377\000T\000h\000e\000\040\001\014\000e\000c\000h\000\040\000c\000o\000m\000p\000l\000e\000x\000\040\000c\000o\000m\000p\000u\000t\000e\000s\000\040\000R\000i\000\040\000f\000*}{chapter.8}% 92
\BOOKMARK [2][-]{subsection.8.6.1}{\376\377\000O\000b\000j\000e\000c\000t\000\040\000l\000a\000y\000e\000r\000\040\000f\000o\000r\000\040\000t\000h\000e\000\040\000a\000u\000g\000m\000e\000n\000t\000e\000d\000\040\001\014\000e\000c\000h\000\040\000c\000o\000m\000p\000l\000e\000x}{section.8.6}% 93
\BOOKMARK [2][-]{subsection.8.6.2}{\376\377\000T\000h\000e\000\040\000e\000n\000l\000a\000r\000g\000e\000d\000\040\000a\000f\000f\000i\000n\000e\000\040\000i\000n\000s\000t\000a\000n\000t\000i\000a\000t\000i\000o\000n\000\040\000\050\000g\000e\000n\000e\000r\000a\000l\000\040\000a\000f\000f\000i\000n\000e\000\040\000o\000p\000e\000n\000s\000,\000\040\000N\000e\000e\000d\000\040\000\043\0002\000\051}{section.8.6}% 94
\BOOKMARK [1][-]{section.8.7}{\376\377\000T\000h\000e\000\040\000u\000n\000c\000o\000n\000d\000i\000t\000i\000o\000n\000a\000l\000\040\000h\000i\000g\000h\000e\000r\000\040\000d\000i\000r\000e\000c\000t\000\040\000i\000m\000a\000g\000e}{chapter.8}% 95
\BOOKMARK [1][-]{section.8.8}{\376\377\000T\000h\000e\000\040\000r\000e\000l\000a\000t\000i\000v\000e\000\040\001\014\000e\000c\000h\000-\000t\000o\000-\000d\000e\000r\000i\000v\000e\000d\000-\000p\000u\000s\000h\000f\000o\000r\000w\000a\000r\000d\000\040\000s\000p\000e\000c\000t\000r\000a\000l\000\040\000s\000e\000q\000u\000e\000n\000c\000e}{chapter.8}% 96
\BOOKMARK [2][-]{subsection.8.8.1}{\376\377\000M\000a\000t\000h\000l\000i\000b\000\040\000a\000n\000c\000h\000o\000r\000s\000\040\000f\000o\000r\000\040\000t\000h\000e\000\040\000a\000b\000s\000t\000r\000a\000c\000t\000\040\000s\000p\000e\000c\000t\000r\000a\000l\000-\000s\000e\000q\000u\000e\000n\000c\000e\000\040\000s\000c\000a\000f\000f\000o\000l\000d}{section.8.8}% 97
\BOOKMARK [2][-]{subsection.8.8.2}{\376\377\000T\000h\000e\000\040\000b\000i\000c\000o\000m\000p\000l\000e\000x\000\040\000a\000n\000d\000\040\000i\000t\000s\000\040\000t\000o\000t\000a\000l\000\040\000c\000o\000m\000p\000l\000e\000x}{section.8.8}% 98
\BOOKMARK [2][-]{subsection.8.8.3}{\376\377\000T\000h\000e\000\040\000t\000w\000o\000\040\000f\000i\000l\000t\000r\000a\000t\000i\000o\000n\000s}{section.8.8}% 99
\BOOKMARK [2][-]{subsection.8.8.4}{\376\377\000A\000s\000s\000e\000m\000b\000l\000y\000\040\000o\000f\000\040\000t\000h\000e\000\040\000s\000p\000e\000c\000t\000r\000a\000l\000\040\000s\000e\000q\000u\000e\000n\000c\000e}{section.8.8}% 100
\BOOKMARK [1][-]{section.8.9}{\376\377\000F\000l\000a\000t\000\040\000b\000a\000s\000e\000\040\000c\000h\000a\000n\000g\000e\000\040\000f\000o\000r\000\040\000t\000h\000e\000\040\001\014\000e\000c\000h\000\040\000h\000i\000g\000h\000e\000r\000\040\000d\000i\000r\000e\000c\000t\000\040\000i\000m\000a\000g\000e\000s}{chapter.8}% 101
\BOOKMARK [1][-]{section.8.10}{\376\377\000H\000o\000m\000o\000l\000o\000g\000y\000-\000s\000i\000d\000e\000\040\000m\000a\000c\000h\000i\000n\000e\000r\000y\000\040\000f\000o\000r\000\040\001\014\000e\000c\000h\000\040\000f\000l\000a\000t\000\040\000b\000a\000s\000e\000\040\000c\000h\000a\000n\000g\000e}{chapter.8}% 102
\BOOKMARK [2][-]{subsection.8.10.1}{\376\377\000L\000e\000f\000t\000\040\000e\000x\000a\000c\000t\000n\000e\000s\000s\000\040\000o\000f\000\040\000f\000l\000a\000t\000\040\000p\000u\000l\000l\000b\000a\000c\000k}{section.8.10}% 103
\BOOKMARK [2][-]{subsection.8.10.2}{\376\377\000T\000h\000e\000\040\001\014\000e\000c\000h\000\040\000b\000a\000s\000e\000-\000c\000h\000a\000n\000g\000e\000\040\000i\000s\000o\000m\000o\000r\000p\000h\000i\000s\000m\000\040\000v\000i\000a\000\040\000a\000\040\000c\000o\000s\000i\000m\000p\000l\000i\000c\000i\000a\000l\000\040\000n\000a\000t\000u\000r\000a\000l\000\040\000i\000s\000o}{section.8.10}% 104
\BOOKMARK [2][-]{subsection.8.10.3}{\376\377\000T\000h\000e\000\040\000a\000b\000s\000t\000r\000a\000c\000t\000-\000t\000o\000-\000a\000f\000f\000i\000n\000e\000\040\000b\000r\000i\000d\000g\000e\000\040\000f\000o\000r\000\040\000t\000h\000e\000\040\000b\000a\000s\000e\000-\000c\000h\000a\000n\000g\000e\000\040\000l\000e\000a\000v\000e\000s}{section.8.10}% 105
\BOOKMARK [0][-]{chapter.9}{\376\377\000G\000e\000n\000u\000s\000\040\000o\000f\000\040\000a\000\040\000s\000m\000o\000o\000t\000h\000\040\000p\000r\000o\000p\000e\000r\000\040\000c\000u\000r\000v\000e}{}% 106
\BOOKMARK [1][-]{section.9.1}{\376\377\000D\000e\000f\000i\000n\000i\000t\000i\000o\000n}{chapter.9}% 107
\BOOKMARK [1][-]{section.9.2}{\376\377\000M\000a\000t\000h\000l\000i\000b\000\040\000g\000a\000p}{chapter.9}% 108
\BOOKMARK [1][-]{section.9.3}{\376\377\000U\000s\000e\000r\000\040\000a\000u\000t\000h\000o\000r\000i\000s\000a\000t\000i\000o\000n\000\040\000o\000f\000\040\000n\000o\000n\000c\000o\000m\000p\000u\000t\000a\000b\000l\000e}{chapter.9}% 109
\BOOKMARK [1][-]{section.9.4}{\376\377\000W\000h\000a\000t\000\040\000t\000h\000i\000s\000\040\000i\000t\000e\000r\000a\000t\000i\000o\000n\000\040\000d\000o\000e\000s\000\040\000a\000n\000d\000\040\000d\000o\000e\000s\000\040\000n\000o\000t}{chapter.9}% 110
\BOOKMARK [0][-]{chapter.10}{\376\377\000T\000h\000e\000\040\000r\000i\000g\000i\000d\000i\000t\000y\000\040\000l\000e\000m\000m\000a\000\040\000a\000n\000d\000\040\000i\000t\000s\000\040\000c\000o\000r\000o\000l\000l\000a\000r\000i\000e\000s}{}% 111
\BOOKMARK [1][-]{section.10.1}{\376\377\000T\000h\000e\000\040\000r\000i\000g\000i\000d\000i\000t\000y\000\040\000l\000e\000m\000m\000a}{chapter.10}% 112
\BOOKMARK [1][-]{section.10.2}{\376\377\000P\000r\000o\000d\000u\000c\000t\000\040\000d\000e\000c\000o\000m\000p\000o\000s\000i\000t\000i\000o\000n\000s\000\040\000a\000n\000d\000\040\000p\000o\000i\000n\000t\000e\000d\000\040\000m\000a\000p\000s}{chapter.10}% 113
\BOOKMARK [0][-]{chapter.11}{\376\377\000T\000h\000e\000\040\000J\000a\000c\000o\000b\000i\000a\000n\000\040\000a\000s\000\040\000a\000n\000\040\000a\000b\000e\000l\000i\000a\000n\000\040\000v\000a\000r\000i\000e\000t\000y}{}% 114
\BOOKMARK [1][-]{section.11.1}{\376\377\000A\000l\000b\000a\000n\000e\000s\000e\000\040\000o\000b\000j\000e\000c\000t\000s}{chapter.11}% 115
\BOOKMARK [2][-]{subsection.11.1.1}{\376\377\000T\000h\000e\000\040\000u\000n\000i\000v\000e\000r\000s\000a\000l\000\040\000m\000o\000r\000p\000h\000i\000s\000m}{section.11.1}% 116
\BOOKMARK [1][-]{section.11.2}{\376\377\000A\000\040\000u\000n\000i\000f\000o\000r\000m\000\040\000J\000a\000c\000o\000b\000i\000a\000n\000\040\000w\000i\000t\000n\000e\000s\000s}{chapter.11}% 117
\BOOKMARK [2][-]{subsection.11.2.1}{\376\377\000T\000h\000e\000\040\000P\000i\000c\000a\000r\000d\000\040\000w\000i\000t\000n\000e\000s\000s\000\040\000J\000=\000`\0003\003\001\0009\000`\0004\0002\000`\000"\003\007\0006\0001\0003\000A\000`\000`\0004\0005\000`\0004\0007\000`\000"\0006\0000\0003\000A\000P\000i\000c\0000\000C\000/\000k}{section.11.2}% 118
\BOOKMARK [1][-]{section.11.3}{\376\377\000T\000h\000e\000\040\000J\000a\000c\000o\000b\000i\000a\000n\000\040\000a\000n\000d\000\040\000i\000t\000s\000\040\000s\000t\000r\000u\000c\000t\000u\000r\000e}{chapter.11}% 119
\BOOKMARK [1][-]{section.11.4}{\376\377\000T\000h\000e\000\040\000A\000l\000b\000a\000n\000e\000s\000e\000\040\000p\000r\000o\000p\000e\000r\000t\000y\000\040\000o\000f\000\040\000`\0003\003\001\0009\000`\0004\0002\000`\000"\003\007\0006\0001\0003\000A\000`\000`\0004\0005\000`\0004\0007\000`\000"\0006\0000\0003\000A\000P\000i\000c\0000}{chapter.11}% 120
\BOOKMARK [0][-]{chapter.12}{\376\377\000T\000h\000e\000\040\000A\000b\000e\000l\040\023\000J\000a\000c\000o\000b\000i\000\040\000m\000a\000p}{}% 121
\BOOKMARK [1][-]{section.12.1}{\376\377\000D\000e\000f\000i\000n\000i\000t\000i\000o\000n}{chapter.12}% 122
\BOOKMARK [1][-]{section.12.2}{\376\377\000P\000o\000i\000n\000t\000e\000d\000\040\000p\000r\000o\000p\000e\000r\000t\000y}{chapter.12}% 123
\BOOKMARK [1][-]{section.12.3}{\376\377\000U\000n\000i\000v\000e\000r\000s\000a\000l\000\040\000p\000r\000o\000p\000e\000r\000t\000y}{chapter.12}% 124
\BOOKMARK [0][-]{chapter.13}{\376\377\000R\000e\000l\000a\000t\000i\000v\000e\000\040\000S\000p\000e\000c}{}% 125
\BOOKMARK [1][-]{section.13.1}{\376\377\000S\000e\000t\000u\000p\000\040\000a\000n\000d\000\040\000m\000o\000t\000i\000v\000a\000t\000i\000o\000n}{chapter.13}% 126
\BOOKMARK [1][-]{section.13.2}{\376\377\000Q\000u\000a\000s\000i\000-\000c\000o\000h\000e\000r\000e\000n\000t\000\040\000s\000h\000e\000a\000v\000e\000s\000\040\000o\000f\000\040\000a\000l\000g\000e\000b\000r\000a\000s}{chapter.13}% 127
\BOOKMARK [1][-]{section.13.3}{\376\377\000T\000h\000e\000\040\000r\000e\000l\000a\000t\000i\000v\000e\000-\000s\000p\000e\000c\000t\000r\000u\000m\000\040\000s\000c\000h\000e\000m\000e}{chapter.13}% 128
\BOOKMARK [1][-]{section.13.4}{\376\377\000A\000f\000f\000i\000n\000e\000\040\000b\000a\000s\000e}{chapter.13}% 129
\BOOKMARK [1][-]{section.13.5}{\376\377\000B\000a\000s\000e\000\040\000c\000h\000a\000n\000g\000e}{chapter.13}% 130
\BOOKMARK [1][-]{section.13.6}{\376\377\000P\000u\000l\000l\000b\000a\000c\000k\000\040\000c\000o\000m\000p\000a\000t\000i\000b\000i\000l\000i\000t\000y\000\040\000h\000e\000l\000p\000e\000r\000s}{chapter.13}% 131
\BOOKMARK [1][-]{section.13.7}{\376\377\000F\000u\000n\000c\000t\000o\000r\000i\000a\000l\000i\000t\000y}{chapter.13}% 132
\BOOKMARK [1][-]{section.13.8}{\376\377\000C\000o\000n\000s\000t\000r\000u\000c\000t\000i\000o\000n\000\040\000b\000y\000\040\000a\000f\000f\000i\000n\000e\000\040\000g\000l\000u\000i\000n\000g}{chapter.13}% 133
\BOOKMARK [1][-]{section.13.9}{\376\377\000F\000u\000r\000t\000h\000e\000r\000\040\000p\000r\000o\000p\000e\000r\000t\000i\000e\000s}{chapter.13}% 134
\BOOKMARK [0][-]{chapter.14}{\376\377\000L\000i\000n\000e\000-\000b\000u\000n\000d\000l\000e\000\040\000p\000u\000l\000l\000b\000a\000c\000k\000\040\000o\000n\000\040\000a\000\040\000r\000e\000l\000a\000t\000i\000v\000e\000\040\000c\000u\000r\000v\000e}{}% 135
\BOOKMARK [1][-]{section.14.1}{\376\377\000L\000i\000n\000e\000\040\000b\000u\000n\000d\000l\000e\000s\000\040\000a\000n\000d\000\040\000l\000o\000c\000a\000l\000\040\000t\000r\000i\000v\000i\000a\000l\000i\000t\000y}{chapter.14}% 136
\BOOKMARK [1][-]{section.14.2}{\376\377\000P\000u\000l\000l\000b\000a\000c\000k\000\040\000a\000l\000o\000n\000g\000\040\000t\000h\000e\000\040\000p\000r\000o\000j\000e\000c\000t\000i\000o\000n}{chapter.14}% 137
\BOOKMARK [1][-]{section.14.3}{\376\377\000B\000a\000s\000e\000\040\000c\000h\000a\000n\000g\000e\000\040\000a\000n\000d\000\040\000c\000o\000m\000p\000o\000s\000i\000t\000i\000o\000n}{chapter.14}% 138
\BOOKMARK [1][-]{section.14.4}{\376\377\000I\000s\000o\000m\000o\000r\000p\000h\000i\000s\000m\000\040\000c\000l\000a\000s\000s\000e\000s\000\040\000a\000n\000d\000\040\000t\000h\000e\000i\000r\000\040\000n\000a\000t\000u\000r\000a\000l\000i\000t\000y}{chapter.14}% 139
\BOOKMARK [1][-]{section.14.5}{\376\377\000N\000a\000t\000u\000r\000a\000l\000i\000t\000y\000\040\000i\000n\000\040\000t\000h\000e\000\040\000t\000e\000s\000t\000\040\000s\000c\000h\000e\000m\000e}{chapter.14}% 140
\BOOKMARK [0][-]{chapter.15}{\376\377\000T\000h\000e\000\040\000r\000e\000l\000a\000t\000i\000v\000e\000\040\000P\000i\000c\000a\000r\000d\000\040\000f\000u\000n\000c\000t\000o\000r\000\040\000a\000n\000d\000\040\000i\000t\000s\000\040\000\351\000t\000a\000l\000e\000\040\000s\000h\000e\000a\000f\000i\000f\000i\000c\000a\000t\000i\000o\000n}{}% 141
\BOOKMARK [1][-]{section.15.1}{\376\377\00